// Jest Snapshot v1, https://goo.gl/fbAQLP

exports[`Title <Title/> debe de hacer match con el snapshot 1`] = `
<div>
  <div
    class="sc-bczRLJ ijhGnZ"
  />
</div>
`;
